CREATE TABLE test4posttime
(
  id serial NOT NULL,
  posttime_1 posttime,
  posttime_2 posttime,
  CONSTRAINT test4posttime_pkey PRIMARY KEY (id)
)
WITH (
  OIDS=FALSE
);
NOTICE:  CREATE TABLE will create implicit sequence "test4posttime_id_seq" for serial column "test4posttime.id"
NOTICE:  CREATE TABLE / PRIMARY KEY will create implicit index "test4posttime_pkey" for table "test4posttime"
INSERT INTO test4posttime (posttime_1, posttime_2)
VALUES 
('2010-4-12T14:23:42','2010-4-12T14:23:42'),
('2010-5-12T14:23:42','2010-4-12T14:23:42'),
('2010-3-12T14:23:42','2010-4-12T14:23:42'),
('2010-4-12T14:23:42/2010-4-13T14:23:42','2010-5-12T14:23:42'), 
('2010-4-12T14:23:42/2010-4-13T14:23:42','2010-4-13T14:23:42'), 
('2010-4-12T14:23:42/2010-4-13T14:23:42','2010-4-12T17:23:42'), 
('2010-4-12T14:23:42/2010-4-13T14:23:42','2010-4-12T14:23:42'), 
('2010-4-12T14:23:42/2010-4-13T14:23:42','2009-5-12T14:23:42'), 
('1996-5-12T14:23:42','1997-4-12T14:23:42/2010-4-13T14:23:42'), 
('1997-4-12T14:23:42','1997-4-12T14:23:42/2010-4-13T14:23:42'), 
('2005-5-12T14:23:42','1997-4-12T14:23:42/2010-4-13T14:23:42'), 
('2010-4-13T14:23:42','1997-4-12T14:23:42/2010-4-13T14:23:42'), 
('2012-5-12T14:23:42','1997-4-12T14:23:42/2010-4-13T14:23:42'), 
('1994-4-12T14:23:42/1996-4-13T14:23:42','1997-4-12T14:23:42/2010-4-13T14:23:42'), 
('1994-4-12T14:23:42/1997-4-12T14:23:42','1997-4-12T14:23:42/2010-4-13T14:23:42'), 
('1994-4-12T14:23:42/2005-4-13T14:23:42','1997-4-12T14:23:42/2010-4-13T14:23:42'), 
('1997-4-12T14:23:42/1999-4-13T14:23:42','1997-4-12T14:23:42/2010-4-13T14:23:42'), 
('1997-4-12T14:23:42/2012-4-13T14:23:42','1997-4-12T14:23:42/2010-4-13T14:23:42'), 
('1999-4-12T14:23:42/2001-4-13T14:23:42','1997-4-12T14:23:42/2010-4-13T14:23:42'), 
('1994-4-12T14:23:42/2012-4-13T14:23:42','1997-4-12T14:23:42/2010-4-13T14:23:42'), 
('1997-4-12T14:23:42/2010-4-13T14:23:42','1997-4-12T14:23:42/2010-4-13T14:23:42'), 
('1998-4-12T14:23:42/2012-4-13T14:23:42','1997-4-12T14:23:42/2010-4-13T14:23:42'), 
('1999-4-12T14:23:42/2010-4-13T14:23:42','1997-4-12T14:23:42/2010-4-13T14:23:42'), 
('1994-4-12T14:23:42/2010-4-13T14:23:42','1997-4-12T14:23:42/2010-4-13T14:23:42'), 
('2010-4-13T14:23:42/2012-4-13T14:23:42','1997-4-12T14:23:42/2010-4-13T14:23:42'), 
('2012-4-13T14:23:42/5454-4-13T14:23:42','1997-4-12T14:23:42/2010-4-13T14:23:42'),
('2012-9-3T16:33:22.212','2012-9-17T12'),
('2009-7-1/2009-10-1T12','2009-10-1/2012-10-1'),
('TCS0012456157.0157','TCS0012456156.09/2456157.07553'),
('TCS0012456157.07553','TCS0012456156.09'),
('ORD001Neoproterozoic','ORD001Ordovician'),
('ORD001Devonian','ORD001Triassic'),
('2012-5-14T19:27:22.2','2012-7-14T19:27:22.2'),
('2012-8-14T19:27:22.2','2012-7-14T19:27:22.2'),
('2012-7-14T19:27:22.2','2012-7-14T20:27:22.2'),
('TCS0012111222.345678','TCS0012111223.345678'),
('2010-4-12T14:23:42,2010-4-12T14:23:42','2012'),
('2010-5-12T14:23:42','2010-4-12T14:23:42,2011,2013,2015'),
('2010-3-12T14:23:42/2013,2017/2019','2010-4-12T14:23:42');
SELECT tm_relative_position(posttime_1, posttime_2) FROM test4posttime;
 tm_relative_position 
----------------------
 Equals
 After
 Before
 Before
 EndedBy
 Contains
 BegunBy
 After
 Before
 Begins
 During
 Ends
 After
 Before
 Meets
 Overlaps
 Begins
 BegunBy
 During
 Contains
 Equals
 OverlappedBy
 Ends
 EndedBy
 MetBy
 After
 Before
 Overlaps
 During
 After
 Before
 Before
 Before
 After
 Before
 Before
 NAP
 NAP
 NAP
(39 rows)

SELECT tm_relative_position_int(posttime_1, posttime_2) FROM test4posttime;
 tm_relative_position_int 
--------------------------
                        7
                       12
                        0
                        0
                       10
                        6
                        4
                       12
                        0
                        3
                        5
                        9
                       12
                        0
                        1
                        2
                        3
                        4
                        5
                        6
                        7
                        8
                        9
                       10
                       11
                       12
                        0
                        2
                        5
                       12
                        0
                        0
                        0
                       12
                        0
                        0
                       -1
                       -1
                       -1
(39 rows)

SELECT tm_relative_position('2012-7-10T10:00/2012-9-17T12:12:12.122,2012-7-10T10:00/2012-9-17T12:12:12.122','2012-7-10T10:00/2012-9-17T12:12:12.122');
 tm_relative_position 
----------------------
 NAP
(1 row)

SELECT tm_relative_position('R8/2002-12-30T12:20:30.456/P2Y3M4DT5H6M7.89S','R8/2002-11-29T12:20:30.123/P2Y3M4DT5H6M');
 tm_relative_position 
----------------------
 NAP
(1 row)

SELECT tm_relative_position('TCS0012111222.345678,2111223.345678,2111224.345678','TCS0012111223.345678/2111225.345678,2111226.345678/2111227.345678');
 tm_relative_position 
----------------------
 NAP
(1 row)

SELECT tm_relative_position_int('2000,2001,2002,2003,2004,2005,2006,2007,2008,2009,2010,2011,2012,2013,2014,2015,2016,2017,2018,2019,2020','3000');
 tm_relative_position_int 
--------------------------
                       -1
(1 row)

SELECT tm_relative_position_int('2010-3-12T14:23:42,2010-4-12T14:23:42', '2010-4-12T14:23:42');
 tm_relative_position_int 
--------------------------
                       -1
(1 row)

SELECT tm_relative_position_int('ORD001Neoproterozoic/Ordovician','ORD001Devonian/Triassic');
 tm_relative_position_int 
--------------------------
                        0
(1 row)

